[0.005s][info][gc] Using G1
[0.006s][info][gc,init] Version: 17.0.12+8-LTS-286 (release)
[0.006s][info][gc,init] CPUs: 16 total, 16 available
[0.006s][info][gc,init] Memory: 32449M
[0.006s][info][gc,init] Large Page Support: Disabled
[0.006s][info][gc,init] NUMA Support: Disabled
[0.006s][info][gc,init] Compressed Oops: Enabled (32-bit)
[0.006s][info][gc,init] Heap Region Size: 1M
[0.006s][info][gc,init] Heap Min Capacity: 128M
[0.006s][info][gc,init] Heap Initial Capacity: 128M
[0.006s][info][gc,init] Heap Max Capacity: 1G
[0.006s][info][gc,init] Pre-touch: Disabled
[0.006s][info][gc,init] Parallel Workers: 13
[0.006s][info][gc,init] Concurrent Workers: 3
[0.006s][info][gc,init] Concurrent Refinement Workers: 13
[0.006s][info][gc,init] Periodic GC: Disabled
[0.011s][info][gc,metaspace] CDS archive(s) mapped at: [0x00000276c6000000-0x00000276c6bd0000-0x00000276c6bd0000), size 12386304, SharedBaseAddress: 0x00000276c6000000, ArchiveRelocationMode: 1.
[0.011s][info][gc,metaspace] Compressed class space mapped at: 0x00000276c7000000-0x0000027707000000, reserved size: 1073741824
[0.011s][info][gc,metaspace] Narrow klass base: 0x00000276c6000000, Narrow klass shift: 0, Narrow klass range: 0x100000000
[0.065s][info][gc,heap,exit] Heap
[0.065s][info][gc,heap,exit]  garbage-first heap   total 131072K, used 4016K [0x00000000c0000000, 0x0000000100000000)
[0.065s][info][gc,heap,exit]   region size 1024K, 4 young (4096K), 0 survivors (0K)
[0.065s][info][gc,heap,exit]  Metaspace       used 1615K, committed 1728K, reserved 1114112K
[0.065s][info][gc,heap,exit]   class space    used 150K, committed 192K, reserved 1048576K
