[0.005s][info][gc] Using G1
[0.007s][info][gc,init] Version: 17.0.12+8-LTS-286 (release)
[0.007s][info][gc,init] CPUs: 16 total, 16 available
[0.007s][info][gc,init] Memory: 32449M
[0.007s][info][gc,init] Large Page Support: Disabled
[0.007s][info][gc,init] NUMA Support: Disabled
[0.007s][info][gc,init] Compressed Oops: Enabled (Zero based)
[0.007s][info][gc,init] Heap Region Size: 2M
[0.007s][info][gc,init] Heap Min Capacity: 512M
[0.007s][info][gc,init] Heap Initial Capacity: 512M
[0.007s][info][gc,init] Heap Max Capacity: 4G
[0.007s][info][gc,init] Pre-touch: Disabled
[0.007s][info][gc,init] Parallel Workers: 13
[0.008s][info][gc,init] Concurrent Workers: 3
[0.008s][info][gc,init] Concurrent Refinement Workers: 13
[0.008s][info][gc,init] Periodic GC: Disabled
[0.013s][info][gc,metaspace] CDS archive(s) mapped at: [0x000002b51f000000-0x000002b51fbd0000-0x000002b51fbd0000), size 12386304, SharedBaseAddress: 0x000002b51f000000, ArchiveRelocationMode: 1.
[0.013s][info][gc,metaspace] Compressed class space mapped at: 0x000002b520000000-0x000002b560000000, reserved size: 1073741824
[0.013s][info][gc,metaspace] Narrow klass base: 0x000002b51f000000, Narrow klass shift: 0, Narrow klass range: 0x100000000
[0.065s][info][gc,heap,exit] Heap
[0.065s][info][gc,heap,exit]  garbage-first heap   total 524288K, used 4096K [0x0000000700000000, 0x0000000800000000)
[0.065s][info][gc,heap,exit]   region size 2048K, 2 young (4096K), 0 survivors (0K)
[0.065s][info][gc,heap,exit]  Metaspace       used 1617K, committed 1728K, reserved 1114112K
[0.065s][info][gc,heap,exit]   class space    used 150K, committed 192K, reserved 1048576K
