[0.005s][info][gc] Using Serial
[0.007s][info][gc,init] Version: 17.0.12+8-LTS-286 (release)
[0.007s][info][gc,init] CPUs: 16 total, 16 available
[0.007s][info][gc,init] Memory: 32449M
[0.007s][info][gc,init] Large Page Support: Disabled
[0.007s][info][gc,init] NUMA Support: Disabled
[0.007s][info][gc,init] Compressed Oops: Enabled (Zero based)
[0.007s][info][gc,init] Heap Min Capacity: 1G
[0.007s][info][gc,init] Heap Initial Capacity: 1G
[0.007s][info][gc,init] Heap Max Capacity: 8G
[0.007s][info][gc,init] Pre-touch: Disabled
[0.011s][info][gc,metaspace] CDS archive(s) mapped at: [0x00000182ca000000-0x00000182cabd0000-0x00000182cabd0000), size 12386304, SharedBaseAddress: 0x00000182ca000000, ArchiveRelocationMode: 1.
[0.012s][info][gc,metaspace] Compressed class space mapped at: 0x00000182cb000000-0x000001830b000000, reserved size: 1073741824
[0.012s][info][gc,metaspace] Narrow klass base: 0x00000182ca000000, Narrow klass shift: 0, Narrow klass range: 0x100000000
[0.065s][info][gc,heap,exit] Heap
[0.065s][info][gc,heap,exit]  def new generation   total 314560K, used 39146K [0x0000000600000000, 0x0000000615550000, 0x00000006aaaa0000)
[0.065s][info][gc,heap,exit]   eden space 279616K,  14% used [0x0000000600000000, 0x000000060263abd0, 0x0000000611110000)
[0.065s][info][gc,heap,exit]   from space 34944K,   0% used [0x0000000611110000, 0x0000000611110000, 0x0000000613330000)
[0.065s][info][gc,heap,exit]   to   space 34944K,   0% used [0x0000000613330000, 0x0000000613330000, 0x0000000615550000)
[0.065s][info][gc,heap,exit]  tenured generation   total 699072K, used 0K [0x00000006aaaa0000, 0x00000006d5550000, 0x0000000800000000)
[0.065s][info][gc,heap,exit]    the space 699072K,   0% used [0x00000006aaaa0000, 0x00000006aaaa0000, 0x00000006aaaa0200, 0x00000006d5550000)
[0.065s][info][gc,heap,exit]  Metaspace       used 1613K, committed 1728K, reserved 1114112K
[0.065s][info][gc,heap,exit]   class space    used 150K, committed 192K, reserved 1048576K
