[0.005s][info][gc] Using Serial
[0.005s][info][gc,init] Version: 17.0.12+8-LTS-286 (release)
[0.005s][info][gc,init] CPUs: 16 total, 16 available
[0.005s][info][gc,init] Memory: 32449M
[0.005s][info][gc,init] Large Page Support: Disabled
[0.005s][info][gc,init] NUMA Support: Disabled
[0.005s][info][gc,init] Compressed Oops: Enabled (32-bit)
[0.005s][info][gc,init] Heap Min Capacity: 128M
[0.005s][info][gc,init] Heap Initial Capacity: 128M
[0.005s][info][gc,init] Heap Max Capacity: 1G
[0.005s][info][gc,init] Pre-touch: Disabled
[0.010s][info][gc,metaspace] CDS archive(s) mapped at: [0x0000023900000000-0x0000023900bd0000-0x0000023900bd0000), size 12386304, SharedBaseAddress: 0x0000023900000000, ArchiveRelocationMode: 1.
[0.010s][info][gc,metaspace] Compressed class space mapped at: 0x0000023901000000-0x0000023941000000, reserved size: 1073741824
[0.010s][info][gc,metaspace] Narrow klass base: 0x0000023900000000, Narrow klass shift: 0, Narrow klass range: 0x100000000
[0.062s][info][gc,heap,exit] Heap
[0.062s][info][gc,heap,exit]  def new generation   total 39296K, used 6356K [0x00000000c0000000, 0x00000000c2aa0000, 0x00000000d5550000)
[0.062s][info][gc,heap,exit]   eden space 34944K,  18% used [0x00000000c0000000, 0x00000000c06352e0, 0x00000000c2220000)
[0.062s][info][gc,heap,exit]   from space 4352K,   0% used [0x00000000c2220000, 0x00000000c2220000, 0x00000000c2660000)
[0.062s][info][gc,heap,exit]   to   space 4352K,   0% used [0x00000000c2660000, 0x00000000c2660000, 0x00000000c2aa0000)
[0.062s][info][gc,heap,exit]  tenured generation   total 87424K, used 0K [0x00000000d5550000, 0x00000000daab0000, 0x0000000100000000)
[0.062s][info][gc,heap,exit]    the space 87424K,   0% used [0x00000000d5550000, 0x00000000d5550000, 0x00000000d5550200, 0x00000000daab0000)
[0.062s][info][gc,heap,exit]  Metaspace       used 1618K, committed 1728K, reserved 1114112K
[0.062s][info][gc,heap,exit]   class space    used 150K, committed 192K, reserved 1048576K
