[0.005s][info][gc] Using Serial
[0.006s][info][gc,init] Version: 17.0.12+8-LTS-286 (release)
[0.006s][info][gc,init] CPUs: 16 total, 16 available
[0.006s][info][gc,init] Memory: 32449M
[0.006s][info][gc,init] Large Page Support: Disabled
[0.006s][info][gc,init] NUMA Support: Disabled
[0.006s][info][gc,init] Compressed Oops: Enabled (Zero based)
[0.006s][info][gc,init] Heap Min Capacity: 512M
[0.006s][info][gc,init] Heap Initial Capacity: 512M
[0.006s][info][gc,init] Heap Max Capacity: 4G
[0.006s][info][gc,init] Pre-touch: Disabled
[0.011s][info][gc,metaspace] CDS archive(s) mapped at: [0x000001dacb000000-0x000001dacbbd0000-0x000001dacbbd0000), size 12386304, SharedBaseAddress: 0x000001dacb000000, ArchiveRelocationMode: 1.
[0.011s][info][gc,metaspace] Compressed class space mapped at: 0x000001dacc000000-0x000001db0c000000, reserved size: 1073741824
[0.011s][info][gc,metaspace] Narrow klass base: 0x000001dacb000000, Narrow klass shift: 0, Narrow klass range: 0x100000000
[0.064s][info][gc,heap,exit] Heap
[0.064s][info][gc,heap,exit]  def new generation   total 157248K, used 16773K [0x0000000700000000, 0x000000070aaa0000, 0x0000000755550000)
[0.064s][info][gc,heap,exit]   eden space 139776K,  12% used [0x0000000700000000, 0x0000000701061758, 0x0000000708880000)
[0.064s][info][gc,heap,exit]   from space 17472K,   0% used [0x0000000708880000, 0x0000000708880000, 0x0000000709990000)
[0.064s][info][gc,heap,exit]   to   space 17472K,   0% used [0x0000000709990000, 0x0000000709990000, 0x000000070aaa0000)
[0.064s][info][gc,heap,exit]  tenured generation   total 349568K, used 0K [0x0000000755550000, 0x000000076aab0000, 0x0000000800000000)
[0.064s][info][gc,heap,exit]    the space 349568K,   0% used [0x0000000755550000, 0x0000000755550000, 0x0000000755550200, 0x000000076aab0000)
[0.064s][info][gc,heap,exit]  Metaspace       used 1622K, committed 1728K, reserved 1114112K
[0.064s][info][gc,heap,exit]   class space    used 150K, committed 192K, reserved 1048576K
