[0.005s][info][gc] Using Parallel
[0.007s][info][gc,init] Version: 17.0.12+8-LTS-286 (release)
[0.008s][info][gc,init] CPUs: 16 total, 16 available
[0.008s][info][gc,init] Memory: 32449M
[0.008s][info][gc,init] Large Page Support: Disabled
[0.008s][info][gc,init] NUMA Support: Disabled
[0.008s][info][gc,init] Compressed Oops: Enabled (Zero based)
[0.008s][info][gc,init] Alignments: Space 512K, Generation 512K, Heap 2M
[0.008s][info][gc,init] Heap Min Capacity: 1G
[0.008s][info][gc,init] Heap Initial Capacity: 1G
[0.008s][info][gc,init] Heap Max Capacity: 8G
[0.008s][info][gc,init] Pre-touch: Disabled
[0.008s][info][gc,init] Parallel Workers: 13
[0.014s][info][gc,metaspace] CDS archive(s) mapped at: [0x000001e7c7000000-0x000001e7c7bd0000-0x000001e7c7bd0000), size 12386304, SharedBaseAddress: 0x000001e7c7000000, ArchiveRelocationMode: 1.
[0.014s][info][gc,metaspace] Compressed class space mapped at: 0x000001e7c8000000-0x000001e808000000, reserved size: 1073741824
[0.014s][info][gc,metaspace] Narrow klass base: 0x000001e7c7000000, Narrow klass shift: 0, Narrow klass range: 0x100000000
[0.070s][info][gc,heap,exit] Heap
[0.070s][info][gc,heap,exit]  PSYoungGen      total 305664K, used 193989K [0x0000000755580000, 0x000000076aa80000, 0x0000000800000000)
[0.070s][info][gc,heap,exit]   eden space 262144K, 74% used [0x0000000755580000,0x00000007612f1648,0x0000000765580000)
[0.070s][info][gc,heap,exit]   from space 43520K, 0% used [0x0000000768000000,0x0000000768000000,0x000000076aa80000)
[0.070s][info][gc,heap,exit]   to   space 43520K, 0% used [0x0000000765580000,0x0000000765580000,0x0000000768000000)
[0.070s][info][gc,heap,exit]  ParOldGen       total 699392K, used 0K [0x0000000600000000, 0x000000062ab00000, 0x0000000755580000)
[0.070s][info][gc,heap,exit]   object space 699392K, 0% used [0x0000000600000000,0x0000000600000000,0x000000062ab00000)
[0.070s][info][gc,heap,exit]  Metaspace       used 1539K, committed 1664K, reserved 1114112K
[0.070s][info][gc,heap,exit]   class space    used 142K, committed 192K, reserved 1048576K
