[0.005s][info][gc,init] Initializing The Z Garbage Collector
[0.005s][info][gc,init] Version: 17.0.12+8-LTS-286 (release)
[0.005s][info][gc,init] NUMA Support: Disabled
[0.005s][info][gc,init] CPUs: 16 total, 16 available
[0.005s][info][gc,init] Memory: 32449M
[0.005s][info][gc,init] Large Page Support: Disabled
[0.005s][info][gc,init] GC Workers: 4 (dynamic)
[0.005s][info][gc,init] Address Space Type: Contiguous/Unrestricted/Complete
[0.006s][info][gc,init] Address Space Size: 65536M x 3 = 196608M
[0.006s][info][gc,init] Min Capacity: 512M
[0.006s][info][gc,init] Initial Capacity: 512M
[0.006s][info][gc,init] Max Capacity: 4096M
[0.006s][info][gc,init] Medium Page Size: 32M
[0.006s][info][gc,init] Pre-touch: Disabled
[0.006s][info][gc,init] Uncommit: Enabled
[0.006s][info][gc,init] Uncommit Delay: 300s
[0.017s][info][gc,init] Runtime Workers: 10
[0.018s][info][gc     ] Using The Z Garbage Collector
[0.023s][info][gc,metaspace] CDS archive(s) mapped at: [0x000001b311000000-0x000001b311bd0000-0x000001b311bd0000), size 12386304, SharedBaseAddress: 0x000001b311000000, ArchiveRelocationMode: 1.
[0.023s][info][gc,metaspace] Compressed class space mapped at: 0x000001b312000000-0x000001b352000000, reserved size: 1073741824
[0.023s][info][gc,metaspace] Narrow klass base: 0x000001b311000000, Narrow klass shift: 0, Narrow klass range: 0x100000000
[0.075s][info][gc,heap,exit] Heap
[0.075s][info][gc,heap,exit]  ZHeap           used 32M, capacity 512M, max capacity 4096M
[0.075s][info][gc,heap,exit]  Metaspace       used 1549K, committed 1664K, reserved 1114112K
[0.075s][info][gc,heap,exit]   class space    used 142K, committed 192K, reserved 1048576K
