[0.005s][info][gc] Using G1
[0.007s][info][gc,init] Version: 17.0.12+8-LTS-286 (release)
[0.007s][info][gc,init] CPUs: 16 total, 16 available
[0.007s][info][gc,init] Memory: 32449M
[0.008s][info][gc,init] Large Page Support: Disabled
[0.008s][info][gc,init] NUMA Support: Disabled
[0.008s][info][gc,init] Compressed Oops: Enabled (Zero based)
[0.008s][info][gc,init] Heap Region Size: 4M
[0.008s][info][gc,init] Heap Min Capacity: 1G
[0.008s][info][gc,init] Heap Initial Capacity: 1G
[0.008s][info][gc,init] Heap Max Capacity: 8G
[0.008s][info][gc,init] Pre-touch: Disabled
[0.008s][info][gc,init] Parallel Workers: 13
[0.008s][info][gc,init] Concurrent Workers: 3
[0.008s][info][gc,init] Concurrent Refinement Workers: 13
[0.008s][info][gc,init] Periodic GC: Disabled
[0.013s][info][gc,metaspace] CDS archive(s) mapped at: [0x000001cd17000000-0x000001cd17bd0000-0x000001cd17bd0000), size 12386304, SharedBaseAddress: 0x000001cd17000000, ArchiveRelocationMode: 1.
[0.013s][info][gc,metaspace] Compressed class space mapped at: 0x000001cd18000000-0x000001cd58000000, reserved size: 1073741824
[0.013s][info][gc,metaspace] Narrow klass base: 0x000001cd17000000, Narrow klass shift: 0, Narrow klass range: 0x100000000
[0.171s][info][gc,heap,exit] Heap
[0.171s][info][gc,heap,exit]  garbage-first heap   total 1048576K, used 30641K [0x0000000600000000, 0x0000000800000000)
[0.171s][info][gc,heap,exit]   region size 4096K, 8 young (32768K), 0 survivors (0K)
[0.171s][info][gc,heap,exit]  Metaspace       used 1553K, committed 1728K, reserved 1114112K
[0.171s][info][gc,heap,exit]   class space    used 162K, committed 256K, reserved 1048576K
