[0.005s][info][gc] Using Parallel
[0.005s][info][gc,init] Version: 17.0.12+8-LTS-286 (release)
[0.005s][info][gc,init] CPUs: 16 total, 16 available
[0.005s][info][gc,init] Memory: 32449M
[0.005s][info][gc,init] Large Page Support: Disabled
[0.005s][info][gc,init] NUMA Support: Disabled
[0.005s][info][gc,init] Compressed Oops: Enabled (32-bit)
[0.005s][info][gc,init] Alignments: Space 512K, Generation 512K, Heap 2M
[0.005s][info][gc,init] Heap Min Capacity: 128M
[0.005s][info][gc,init] Heap Initial Capacity: 128M
[0.005s][info][gc,init] Heap Max Capacity: 1G
[0.006s][info][gc,init] Pre-touch: Disabled
[0.006s][info][gc,init] Parallel Workers: 13
[0.011s][info][gc,metaspace] CDS archive(s) mapped at: [0x000001a800000000-0x000001a800bd0000-0x000001a800bd0000), size 12386304, SharedBaseAddress: 0x000001a800000000, ArchiveRelocationMode: 1.
[0.011s][info][gc,metaspace] Compressed class space mapped at: 0x000001a801000000-0x000001a841000000, reserved size: 1073741824
[0.011s][info][gc,metaspace] Narrow klass base: 0x000001a800000000, Narrow klass shift: 0, Narrow klass range: 0x100000000
[0.162s][info][gc,heap,exit] Heap
[0.162s][info][gc,heap,exit]  PSYoungGen      total 38400K, used 26025K [0x00000000eab00000, 0x00000000ed580000, 0x0000000100000000)
[0.162s][info][gc,heap,exit]   eden space 33280K, 78% used [0x00000000eab00000,0x00000000ec46a428,0x00000000ecb80000)
[0.162s][info][gc,heap,exit]   from space 5120K, 0% used [0x00000000ed080000,0x00000000ed080000,0x00000000ed580000)
[0.162s][info][gc,heap,exit]   to   space 5120K, 0% used [0x00000000ecb80000,0x00000000ecb80000,0x00000000ed080000)
[0.162s][info][gc,heap,exit]  ParOldGen       total 87552K, used 0K [0x00000000c0000000, 0x00000000c5580000, 0x00000000eab00000)
[0.162s][info][gc,heap,exit]   object space 87552K, 0% used [0x00000000c0000000,0x00000000c0000000,0x00000000c5580000)
[0.162s][info][gc,heap,exit]  Metaspace       used 1621K, committed 1792K, reserved 1114112K
[0.162s][info][gc,heap,exit]   class space    used 177K, committed 256K, reserved 1048576K
