[0.005s][info][gc] Using Parallel
[0.006s][info][gc,init] Version: 17.0.12+8-LTS-286 (release)
[0.006s][info][gc,init] CPUs: 16 total, 16 available
[0.006s][info][gc,init] Memory: 32449M
[0.006s][info][gc,init] Large Page Support: Disabled
[0.006s][info][gc,init] NUMA Support: Disabled
[0.006s][info][gc,init] Compressed Oops: Enabled (32-bit)
[0.006s][info][gc,init] Alignments: Space 512K, Generation 512K, Heap 2M
[0.006s][info][gc,init] Heap Min Capacity: 256M
[0.006s][info][gc,init] Heap Initial Capacity: 256M
[0.006s][info][gc,init] Heap Max Capacity: 2G
[0.006s][info][gc,init] Pre-touch: Disabled
[0.007s][info][gc,init] Parallel Workers: 13
[0.012s][info][gc,metaspace] CDS archive(s) mapped at: [0x000001be0f000000-0x000001be0fbd0000-0x000001be0fbd0000), size 12386304, SharedBaseAddress: 0x000001be0f000000, ArchiveRelocationMode: 1.
[0.012s][info][gc,metaspace] Compressed class space mapped at: 0x000001be10000000-0x000001be50000000, reserved size: 1073741824
[0.012s][info][gc,metaspace] Narrow klass base: 0x000001be0f000000, Narrow klass shift: 0, Narrow klass range: 0x100000000
[0.173s][info][gc,heap,exit] Heap
[0.173s][info][gc,heap,exit]  PSYoungGen      total 76288K, used 49809K [0x00000000d5580000, 0x00000000daa80000, 0x0000000100000000)
[0.173s][info][gc,heap,exit]   eden space 65536K, 76% used [0x00000000d5580000,0x00000000d8624430,0x00000000d9580000)
[0.173s][info][gc,heap,exit]   from space 10752K, 0% used [0x00000000da000000,0x00000000da000000,0x00000000daa80000)
[0.173s][info][gc,heap,exit]   to   space 10752K, 0% used [0x00000000d9580000,0x00000000d9580000,0x00000000da000000)
[0.173s][info][gc,heap,exit]  ParOldGen       total 175104K, used 0K [0x0000000080000000, 0x000000008ab00000, 0x00000000d5580000)
[0.173s][info][gc,heap,exit]   object space 175104K, 0% used [0x0000000080000000,0x0000000080000000,0x000000008ab00000)
[0.173s][info][gc,heap,exit]  Metaspace       used 1633K, committed 1856K, reserved 1114112K
[0.173s][info][gc,heap,exit]   class space    used 182K, committed 256K, reserved 1048576K
