[0.005s][info][gc] Using Parallel
[0.007s][info][gc,init] Version: 17.0.12+8-LTS-286 (release)
[0.007s][info][gc,init] CPUs: 16 total, 16 available
[0.007s][info][gc,init] Memory: 32449M
[0.007s][info][gc,init] Large Page Support: Disabled
[0.007s][info][gc,init] NUMA Support: Disabled
[0.007s][info][gc,init] Compressed Oops: Enabled (Zero based)
[0.007s][info][gc,init] Alignments: Space 512K, Generation 512K, Heap 2M
[0.007s][info][gc,init] Heap Min Capacity: 1G
[0.007s][info][gc,init] Heap Initial Capacity: 1G
[0.007s][info][gc,init] Heap Max Capacity: 8G
[0.007s][info][gc,init] Pre-touch: Disabled
[0.008s][info][gc,init] Parallel Workers: 13
[0.013s][info][gc,metaspace] CDS archive(s) mapped at: [0x000001c02a000000-0x000001c02abd0000-0x000001c02abd0000), size 12386304, SharedBaseAddress: 0x000001c02a000000, ArchiveRelocationMode: 1.
[0.013s][info][gc,metaspace] Compressed class space mapped at: 0x000001c02b000000-0x000001c06b000000, reserved size: 1073741824
[0.013s][info][gc,metaspace] Narrow klass base: 0x000001c02a000000, Narrow klass shift: 0, Narrow klass range: 0x100000000
[0.174s][info][gc,heap,exit] Heap
[0.174s][info][gc,heap,exit]  PSYoungGen      total 305664K, used 193988K [0x000000057ff80000, 0x0000000595480000, 0x000000062aa00000)
[0.174s][info][gc,heap,exit]   eden space 262144K, 74% used [0x000000057ff80000,0x000000058bcf10b0,0x000000058ff80000)
[0.174s][info][gc,heap,exit]   from space 43520K, 0% used [0x0000000592a00000,0x0000000592a00000,0x0000000595480000)
[0.174s][info][gc,heap,exit]   to   space 43520K, 0% used [0x000000058ff80000,0x000000058ff80000,0x0000000592a00000)
[0.174s][info][gc,heap,exit]  ParOldGen       total 699392K, used 0K [0x000000042aa00000, 0x0000000455500000, 0x000000057ff80000)
[0.174s][info][gc,heap,exit]   object space 699392K, 0% used [0x000000042aa00000,0x000000042aa00000,0x0000000455500000)
[0.174s][info][gc,heap,exit]  Metaspace       used 1571K, committed 1728K, reserved 1114112K
[0.174s][info][gc,heap,exit]   class space    used 167K, committed 256K, reserved 1048576K
