[0.005s][info][gc] Using Serial
[0.005s][info][gc,init] Version: 17.0.12+8-LTS-286 (release)
[0.005s][info][gc,init] CPUs: 16 total, 16 available
[0.005s][info][gc,init] Memory: 32449M
[0.005s][info][gc,init] Large Page Support: Disabled
[0.005s][info][gc,init] NUMA Support: Disabled
[0.005s][info][gc,init] Compressed Oops: Enabled (32-bit)
[0.005s][info][gc,init] Heap Min Capacity: 256M
[0.005s][info][gc,init] Heap Initial Capacity: 256M
[0.006s][info][gc,init] Heap Max Capacity: 2G
[0.006s][info][gc,init] Pre-touch: Disabled
[0.010s][info][gc,metaspace] CDS archive(s) mapped at: [0x0000019197000000-0x0000019197bd0000-0x0000019197bd0000), size 12386304, SharedBaseAddress: 0x0000019197000000, ArchiveRelocationMode: 1.
[0.011s][info][gc,metaspace] Compressed class space mapped at: 0x0000019198000000-0x00000191d8000000, reserved size: 1073741824
[0.011s][info][gc,metaspace] Narrow klass base: 0x0000019197000000, Narrow klass shift: 0, Narrow klass range: 0x100000000
[0.161s][info][gc,heap,exit] Heap
[0.161s][info][gc,heap,exit]  def new generation   total 78656K, used 50367K [0x0000000080000000, 0x0000000085550000, 0x00000000aaaa0000)
[0.161s][info][gc,heap,exit]   eden space 69952K,  72% used [0x0000000080000000, 0x000000008312fc60, 0x0000000084450000)
[0.161s][info][gc,heap,exit]   from space 8704K,   0% used [0x0000000084450000, 0x0000000084450000, 0x0000000084cd0000)
[0.161s][info][gc,heap,exit]   to   space 8704K,   0% used [0x0000000084cd0000, 0x0000000084cd0000, 0x0000000085550000)
[0.161s][info][gc,heap,exit]  tenured generation   total 174784K, used 0K [0x00000000aaaa0000, 0x00000000b5550000, 0x0000000100000000)
[0.161s][info][gc,heap,exit]    the space 174784K,   0% used [0x00000000aaaa0000, 0x00000000aaaa0000, 0x00000000aaaa0200, 0x00000000b5550000)
[0.161s][info][gc,heap,exit]  Metaspace       used 1632K, committed 1856K, reserved 1114112K
[0.161s][info][gc,heap,exit]   class space    used 181K, committed 256K, reserved 1048576K
