[0.005s][info][gc] Using Serial
[0.006s][info][gc,init] Version: 17.0.12+8-LTS-286 (release)
[0.006s][info][gc,init] CPUs: 16 total, 16 available
[0.006s][info][gc,init] Memory: 32449M
[0.006s][info][gc,init] Large Page Support: Disabled
[0.006s][info][gc,init] NUMA Support: Disabled
[0.006s][info][gc,init] Compressed Oops: Enabled (Zero based)
[0.006s][info][gc,init] Heap Min Capacity: 1G
[0.006s][info][gc,init] Heap Initial Capacity: 1G
[0.006s][info][gc,init] Heap Max Capacity: 8G
[0.006s][info][gc,init] Pre-touch: Disabled
[0.011s][info][gc,metaspace] CDS archive(s) mapped at: [0x000001fe17000000-0x000001fe17bd0000-0x000001fe17bd0000), size 12386304, SharedBaseAddress: 0x000001fe17000000, ArchiveRelocationMode: 1.
[0.011s][info][gc,metaspace] Compressed class space mapped at: 0x000001fe18000000-0x000001fe58000000, reserved size: 1073741824
[0.011s][info][gc,metaspace] Narrow klass base: 0x000001fe17000000, Narrow klass shift: 0, Narrow klass range: 0x100000000
[0.176s][info][gc,heap,exit] Heap
[0.176s][info][gc,heap,exit]  def new generation   total 314560K, used 212509K [0x0000000600000000, 0x0000000615550000, 0x00000006aaaa0000)
[0.176s][info][gc,heap,exit]   eden space 279616K,  76% used [0x0000000600000000, 0x000000060cf876a8, 0x0000000611110000)
[0.176s][info][gc,heap,exit]   from space 34944K,   0% used [0x0000000611110000, 0x0000000611110000, 0x0000000613330000)
[0.176s][info][gc,heap,exit]   to   space 34944K,   0% used [0x0000000613330000, 0x0000000613330000, 0x0000000615550000)
[0.176s][info][gc,heap,exit]  tenured generation   total 699072K, used 0K [0x00000006aaaa0000, 0x00000006d5550000, 0x0000000800000000)
[0.176s][info][gc,heap,exit]    the space 699072K,   0% used [0x00000006aaaa0000, 0x00000006aaaa0000, 0x00000006aaaa0200, 0x00000006d5550000)
[0.176s][info][gc,heap,exit]  Metaspace       used 1646K, committed 1856K, reserved 1114112K
[0.176s][info][gc,heap,exit]   class space    used 183K, committed 256K, reserved 1048576K
