[0.005s][info][gc] Using G1
[0.006s][info][gc,init] Version: 17.0.12+8-LTS-286 (release)
[0.006s][info][gc,init] CPUs: 16 total, 16 available
[0.006s][info][gc,init] Memory: 32449M
[0.006s][info][gc,init] Large Page Support: Disabled
[0.006s][info][gc,init] NUMA Support: Disabled
[0.006s][info][gc,init] Compressed Oops: Enabled (32-bit)
[0.006s][info][gc,init] Heap Region Size: 2M
[0.006s][info][gc,init] Heap Min Capacity: 256M
[0.006s][info][gc,init] Heap Initial Capacity: 256M
[0.006s][info][gc,init] Heap Max Capacity: 2G
[0.006s][info][gc,init] Pre-touch: Disabled
[0.006s][info][gc,init] Parallel Workers: 13
[0.007s][info][gc,init] Concurrent Workers: 3
[0.007s][info][gc,init] Concurrent Refinement Workers: 13
[0.007s][info][gc,init] Periodic GC: Disabled
[0.011s][info][gc,metaspace] CDS archive(s) mapped at: [0x000001592a000000-0x000001592abd0000-0x000001592abd0000), size 12386304, SharedBaseAddress: 0x000001592a000000, ArchiveRelocationMode: 1.
[0.011s][info][gc,metaspace] Compressed class space mapped at: 0x000001592b000000-0x000001596b000000, reserved size: 1073741824
[0.011s][info][gc,metaspace] Narrow klass base: 0x000001592a000000, Narrow klass shift: 0, Narrow klass range: 0x100000000
[0.076s][info][gc,heap,exit] Heap
[0.076s][info][gc,heap,exit]  garbage-first heap   total 262144K, used 11143K [0x0000000080000000, 0x0000000100000000)
[0.076s][info][gc,heap,exit]   region size 2048K, 6 young (12288K), 0 survivors (0K)
[0.076s][info][gc,heap,exit]  Metaspace       used 2105K, committed 2304K, reserved 1114112K
[0.076s][info][gc,heap,exit]   class space    used 238K, committed 320K, reserved 1048576K
