[0.005s][info][gc] Using Serial
[0.006s][info][gc,init] Version: 17.0.12+8-LTS-286 (release)
[0.006s][info][gc,init] CPUs: 16 total, 16 available
[0.006s][info][gc,init] Memory: 32449M
[0.006s][info][gc,init] Large Page Support: Disabled
[0.006s][info][gc,init] NUMA Support: Disabled
[0.006s][info][gc,init] Compressed Oops: Enabled (32-bit)
[0.006s][info][gc,init] Heap Min Capacity: 256M
[0.006s][info][gc,init] Heap Initial Capacity: 256M
[0.006s][info][gc,init] Heap Max Capacity: 2G
[0.006s][info][gc,init] Pre-touch: Disabled
[0.011s][info][gc,metaspace] CDS archive(s) mapped at: [0x000001fa80000000-0x000001fa80bd0000-0x000001fa80bd0000), size 12386304, SharedBaseAddress: 0x000001fa80000000, ArchiveRelocationMode: 1.
[0.011s][info][gc,metaspace] Compressed class space mapped at: 0x000001fa81000000-0x000001fac1000000, reserved size: 1073741824
[0.011s][info][gc,metaspace] Narrow klass base: 0x000001fa80000000, Narrow klass shift: 0, Narrow klass range: 0x100000000
[0.079s][info][gc,heap,exit] Heap
[0.079s][info][gc,heap,exit]  def new generation   total 78656K, used 33642K [0x0000000080000000, 0x0000000085550000, 0x00000000aaaa0000)
[0.079s][info][gc,heap,exit]   eden space 69952K,  48% used [0x0000000080000000, 0x00000000820daae0, 0x0000000084450000)
[0.079s][info][gc,heap,exit]   from space 8704K,   0% used [0x0000000084450000, 0x0000000084450000, 0x0000000084cd0000)
[0.079s][info][gc,heap,exit]   to   space 8704K,   0% used [0x0000000084cd0000, 0x0000000084cd0000, 0x0000000085550000)
[0.079s][info][gc,heap,exit]  tenured generation   total 174784K, used 0K [0x00000000aaaa0000, 0x00000000b5550000, 0x0000000100000000)
[0.079s][info][gc,heap,exit]    the space 174784K,   0% used [0x00000000aaaa0000, 0x00000000aaaa0000, 0x00000000aaaa0200, 0x00000000b5550000)
[0.079s][info][gc,heap,exit]  Metaspace       used 2108K, committed 2304K, reserved 1114112K
[0.079s][info][gc,heap,exit]   class space    used 237K, committed 320K, reserved 1048576K
