[0.005s][info][gc,init] Initializing The Z Garbage Collector
[0.005s][info][gc,init] Version: 17.0.12+8-LTS-286 (release)
[0.005s][info][gc,init] NUMA Support: Disabled
[0.005s][info][gc,init] CPUs: 16 total, 16 available
[0.005s][info][gc,init] Memory: 32449M
[0.005s][info][gc,init] Large Page Support: Disabled
[0.005s][info][gc,init] GC Workers: 4 (dynamic)
[0.005s][info][gc,init] Address Space Type: Contiguous/Unrestricted/Complete
[0.005s][info][gc,init] Address Space Size: 131072M x 3 = 393216M
[0.006s][info][gc,init] Min Capacity: 1024M
[0.006s][info][gc,init] Initial Capacity: 1024M
[0.006s][info][gc,init] Max Capacity: 8192M
[0.006s][info][gc,init] Medium Page Size: 32M
[0.006s][info][gc,init] Pre-touch: Disabled
[0.006s][info][gc,init] Uncommit: Enabled
[0.006s][info][gc,init] Uncommit Delay: 300s
[0.027s][info][gc,init] Runtime Workers: 10
[0.028s][info][gc     ] Using The Z Garbage Collector
[0.032s][info][gc,metaspace] CDS archive(s) mapped at: [0x000001f455000000-0x000001f455bd0000-0x000001f455bd0000), size 12386304, SharedBaseAddress: 0x000001f455000000, ArchiveRelocationMode: 1.
[0.032s][info][gc,metaspace] Compressed class space mapped at: 0x000001f456000000-0x000001f496000000, reserved size: 1073741824
[0.032s][info][gc,metaspace] Narrow klass base: 0x000001f455000000, Narrow klass shift: 0, Narrow klass range: 0x100000000
[0.097s][info][gc,heap,exit] Heap
[0.097s][info][gc,heap,exit]  ZHeap           used 28M, capacity 1024M, max capacity 8192M
[0.097s][info][gc,heap,exit]  Metaspace       used 2101K, committed 2304K, reserved 1114112K
[0.097s][info][gc,heap,exit]   class space    used 236K, committed 320K, reserved 1048576K
