[0.006s][info][gc] Using Parallel
[0.007s][info][gc,init] Version: 17.0.12+8-LTS-286 (release)
[0.007s][info][gc,init] CPUs: 16 total, 16 available
[0.007s][info][gc,init] Memory: 32449M
[0.007s][info][gc,init] Large Page Support: Disabled
[0.007s][info][gc,init] NUMA Support: Disabled
[0.007s][info][gc,init] Compressed Oops: Enabled (Zero based)
[0.007s][info][gc,init] Alignments: Space 512K, Generation 512K, Heap 2M
[0.007s][info][gc,init] Heap Min Capacity: 512M
[0.007s][info][gc,init] Heap Initial Capacity: 512M
[0.007s][info][gc,init] Heap Max Capacity: 4G
[0.007s][info][gc,init] Pre-touch: Disabled
[0.008s][info][gc,init] Parallel Workers: 13
[0.013s][info][gc,metaspace] CDS archive(s) mapped at: [0x0000021208000000-0x0000021208bd0000-0x0000021208bd0000), size 12386304, SharedBaseAddress: 0x0000021208000000, ArchiveRelocationMode: 1.
[0.013s][info][gc,metaspace] Compressed class space mapped at: 0x0000021209000000-0x0000021249000000, reserved size: 1073741824
[0.013s][info][gc,metaspace] Narrow klass base: 0x0000021208000000, Narrow klass shift: 0, Narrow klass range: 0x100000000
[0.070s][info][gc,heap,exit] Heap
[0.070s][info][gc,heap,exit]  PSYoungGen      total 153088K, used 21055K [0x00000007aab00000, 0x00000007b5580000, 0x0000000800000000)
[0.070s][info][gc,heap,exit]   eden space 131584K, 16% used [0x00000007aab00000,0x00000007abf8fce0,0x00000007b2b80000)
[0.070s][info][gc,heap,exit]   from space 21504K, 0% used [0x00000007b4080000,0x00000007b4080000,0x00000007b5580000)
[0.070s][info][gc,heap,exit]   to   space 21504K, 0% used [0x00000007b2b80000,0x00000007b2b80000,0x00000007b4080000)
[0.070s][info][gc,heap,exit]  ParOldGen       total 349696K, used 0K [0x0000000700000000, 0x0000000715580000, 0x00000007aab00000)
[0.070s][info][gc,heap,exit]   object space 349696K, 0% used [0x0000000700000000,0x0000000700000000,0x0000000715580000)
[0.070s][info][gc,heap,exit]  Metaspace       used 1652K, committed 1856K, reserved 1114112K
[0.070s][info][gc,heap,exit]   class space    used 156K, committed 256K, reserved 1048576K
